[dotenv@17.2.3] injecting env (0) from .env -- tip: 👥 sync secrets across teammates & machines: https://dotenvx.com/ops
/Users/yeonu/Documents/02_Career/03_Pacemaker/01_Project/JobFlow/backend/node_modules/@supabase/supabase-js/dist/main/lib/helpers.js:50
        throw new Error('supabaseUrl is required.');
              ^

Error: supabaseUrl is required.
    at validateSupabaseUrl (/Users/yeonu/Documents/02_Career/03_Pacemaker/01_Project/JobFlow/backend/node_modules/@supabase/supabase-js/dist/main/lib/helpers.js:50:15)
    at new SupabaseClient (/Users/yeonu/Documents/02_Career/03_Pacemaker/01_Project/JobFlow/backend/node_modules/@supabase/supabase-js/dist/main/SupabaseClient.js:34:59)
    at createClient (/Users/yeonu/Documents/02_Career/03_Pacemaker/01_Project/JobFlow/backend/node_modules/@supabase/supabase-js/dist/main/index.js:38:12)
    at file:///Users/yeonu/Documents/02_Career/03_Pacemaker/01_Project/JobFlow/backend/supabaseClient.js:6:18
    at ModuleJob.run (node:internal/modules/esm/module_job:222:25)
    at async ModuleLoader.import (node:internal/modules/esm/loader:316:24)
    at async asyncRunEntryPointWithESMLoader (node:internal/modules/run_main:123:5)

Node.js v20.13.1
[dotenv@17.2.3] injecting env (0) from .env -- tip: 🗂️ backup and recover secrets: https://dotenvx.com/ops
[dotenv@17.2.3] injecting env (0) from .env -- tip: 🛠️  run anywhere with `dotenvx run -- yourcommand`
[dotenv@17.2.3] injecting env (0) from .env -- tip: 👥 sync secrets across teammates & machines: https://dotenvx.com/ops
No new jobs inserted (all duplicates).
Old jobs detected, stopping pagination on page 1.
Job fetching process completed.
[dotenv@17.2.3] injecting env (0) from .env -- tip: 🔄 add secrets lifecycle management: https://dotenvx.com/ops
[dotenv@17.2.3] injecting env (0) from .env -- tip: ✅ audit secrets and track compliance: https://dotenvx.com/ops
[dotenv@17.2.3] injecting env (0) from .env -- tip: ⚙️  enable debug logging with { debug: true }
No new jobs inserted (all duplicates).
Old jobs detected, stopping pagination on page 1.
Job fetching process completed.
